[2026-08-22 23:53:17] [NGXCheckArchitectureSupport:229] Found matching adapter with NVAPI physical GPU handle: 0x100 and LUID: { 0x0, 0xdbf9 }
[2026-08-22 23:53:17] [NGXGetPathUsingQAI:475] Checking for path to NGX using QueryAdapterInfo
[2026-08-22 23:53:17] [NGXGetPathUsingQAI:512] Path to driverStore found using QAI: C:\Windows\System32\DriverStore\FileRepository\nvlti.inf_amd64_af02d12a5c2283af
[2026-08-22 23:53:17] [NGXIsUpdaterEnabledBase:621] OTA disabled by environment. Using embedded snippet only
[2026-08-22 23:53:17] [NGXDRSInit:341] DRS PROFILE FOUND : ProfileName "BeamNG.drive", AppName "beamng.drive.x64.exe"
[2026-08-22 23:53:17] [NGXInitContext:245] called from module ScaleNG.asi at C:\games\BeamNG.drive\Bin64\plugins
[2026-08-22 23:53:17] [NGXGetPath:1045] using path for models: C:\ProgramData\NVIDIA\NGX\models
[2026-08-22 23:53:17] [NGXSecureLoadFeature:1166] unable to read the deny list. Assuming that the feature is allowed.
[2026-08-22 23:53:17] [`anonymous-namespace'::SnippetLocationInfo::load:695] NGXLoadFromPath failed: -1160773628
[2026-08-22 23:53:17] [NGXSecureLoadFeature:1231] warning: ModuleName - nvngx_dldenoiser.dll doesn't exist in any of the search paths!
[2026-08-22 23:53:17] [NGXReportStatusFeedback:1060] Override shared memory was opened successfully
[2026-08-22 23:53:17] [NGXReportStatusFeedback:1072] Override shared memory was mapped successfully
[2026-08-22 23:53:17] [NGXReportStatusFeedback:1101] Override feedback found available slot 0
[2026-08-22 23:53:17] [NGXSecureLoadFeature:1166] unable to read the deny list. Assuming that the feature is allowed.
[2026-08-22 23:53:17] [NGXLoadLibrary:34] Loaded NGXCore from path (C:\games\BeamNG.drive\Bin64\plugins/nvngx_dlss.dll)
[2026-08-22 23:53:17] [NGXValidateSnippetMetaData:1509] Validating snippet C:\games\BeamNG.drive\Bin64\plugins/nvngx_dlss.dll
[2026-08-22 23:53:17] [NGXValidateSnippetMetaData:1511] NGX CORE API version : 0x15, Snippet requires at least : 0x13
[2026-08-22 23:53:17] [NGXValidateSnippetMetaData:1515] GPU architecture : 0x170, Snippet expects at least : 0x160
[2026-08-22 23:53:17] [NGXValidateSnippetMetaData:1530] Driver support flags : 0xF(SEAMLESS_OTA|LINUX_EXTENDED_DRIVER_VERSIONS|API_SPECIFIC_POPULATE_PARAMS|REQUIRE_CMSID), Snippet required flags : 0xF(SEAMLESS_OTA|LINUX_EXTENDED_DRIVER_VERSIONS|API_SPECIFIC_POPULATE_PARAMS|REQUIRE_CMSID)
[2026-08-22 23:53:17] [NGXValidateSnippetMetaData:1558] Driver version : 596.49, Snippet expects at least : 470.0
[2026-08-22 23:53:17] [NGXValidateSnippetMetaData:1585] Snippet version : 310.6.0, Embedded app Id : E658703 (0)
[2026-08-22 23:53:17] [`anonymous-namespace'::SnippetLocationInfo::load:695] NGXLoadFromPath failed: -1160773628
[2026-08-22 23:53:17] [NGXSecureLoadFeature:1445] app 3 feature dlss snippet: C:\games\BeamNG.drive\Bin64\plugins/nvngx_dlss.dll version: 310.6.0
[2026-08-22 23:53:17] [NGXLoadFeature:1527] Setting telemetry callback for dlss [schema 3.0+]
[2026-08-22 23:53:17] [NGXLoadFeature:1532] Setting override status callback for dlss
[2026-08-22 23:53:17] [NGXSecureLoadFeature:1166] unable to read the deny list. Assuming that the feature is allowed.
[2026-08-22 23:53:17] [`anonymous-namespace'::SnippetLocationInfo::load:695] NGXLoadFromPath failed: -1160773628
[2026-08-22 23:53:17] [NGXSecureLoadFeature:1231] warning: ModuleName - nvngx_dlinpainting.dll doesn't exist in any of the search paths!
[2026-08-22 23:53:17] [NGXSecureLoadFeature:1166] unable to read the deny list. Assuming that the feature is allowed.
[2026-08-22 23:53:17] [`anonymous-namespace'::SnippetLocationInfo::load:695] NGXLoadFromPath failed: -1160773628
[2026-08-22 23:53:17] [NGXSecureLoadFeature:1231] warning: ModuleName - nvngx_dlisr.dll doesn't exist in any of the search paths!
[2026-08-22 23:53:17] [NGXSecureLoadFeature:1166] unable to read the deny list. Assuming that the feature is allowed.
[2026-08-22 23:53:17] [`anonymous-namespace'::SnippetLocationInfo::load:695] NGXLoadFromPath failed: -1160773628
[2026-08-22 23:53:17] [NGXSecureLoadFeature:1231] warning: ModuleName - nvngx_dlslowmo.dll doesn't exist in any of the search paths!
[2026-08-22 23:53:17] [NGXSecureLoadFeature:1166] unable to read the deny list. Assuming that the feature is allowed.
[2026-08-22 23:53:17] [`anonymous-namespace'::SnippetLocationInfo::load:695] NGXLoadFromPath failed: -1160773628
[2026-08-22 23:53:17] [NGXSecureLoadFeature:1231] warning: ModuleName - nvngx_dlvsr.dll doesn't exist in any of the search paths!
[2026-08-22 23:53:17] [NGXSecureLoadFeature:1166] unable to read the deny list. Assuming that the feature is allowed.
[2026-08-22 23:53:17] [`anonymous-namespace'::SnippetLocationInfo::load:695] NGXLoadFromPath failed: -1160773628
[2026-08-22 23:53:17] [NGXSecureLoadFeature:1231] warning: ModuleName - nvngx_dlcolorize.dll doesn't exist in any of the search paths!
[2026-08-22 23:53:17] [NGXSecureLoadFeature:1166] unable to read the deny list. Assuming that the feature is allowed.
[2026-08-22 23:53:17] [`anonymous-namespace'::SnippetLocationInfo::load:695] NGXLoadFromPath failed: -1160773628
[2026-08-22 23:53:17] [NGXSecureLoadFeature:1231] warning: ModuleName - nvngx_dlstyletransfer.dll doesn't exist in any of the search paths!
[2026-08-22 23:53:17] [NGXSecureLoadFeature:1166] unable to read the deny list. Assuming that the feature is allowed.
[2026-08-22 23:53:17] [`anonymous-namespace'::SnippetLocationInfo::load:695] NGXLoadFromPath failed: -1160773628
[2026-08-22 23:53:17] [NGXSecureLoadFeature:1231] warning: ModuleName - nvngx_dlvdenoiser.dll doesn't exist in any of the search paths!
[2026-08-22 23:53:17] [NGXSecureLoadFeature:1166] unable to read the deny list. Assuming that the feature is allowed.
[2026-08-22 23:53:17] [`anonymous-namespace'::SnippetLocationInfo::load:695] NGXLoadFromPath failed: -1160773628
[2026-08-22 23:53:17] [NGXSecureLoadFeature:1231] warning: ModuleName - nvngx_dlisp.dll doesn't exist in any of the search paths!
[2026-08-22 23:53:17] [NGXSecureLoadFeature:1166] unable to read the deny list. Assuming that the feature is allowed.
[2026-08-22 23:53:17] [`anonymous-namespace'::SnippetLocationInfo::load:695] NGXLoadFromPath failed: -1160773628
[2026-08-22 23:53:17] [NGXSecureLoadFeature:1231] warning: ModuleName - nvngx_dlresolve.dll doesn't exist in any of the search paths!
[2026-08-22 23:53:17] [NGXSecureLoadFeature:1166] unable to read the deny list. Assuming that the feature is allowed.
[2026-08-22 23:53:17] [`anonymous-namespace'::SnippetLocationInfo::load:695] NGXLoadFromPath failed: -1160773628
[2026-08-22 23:53:17] [NGXSecureLoadFeature:1231] warning: ModuleName - nvngx_dlssg.dll doesn't exist in any of the search paths!
[2026-08-22 23:53:17] [NGXSecureLoadFeature:1166] unable to read the deny list. Assuming that the feature is allowed.
[2026-08-22 23:53:17] [`anonymous-namespace'::SnippetLocationInfo::load:695] NGXLoadFromPath failed: -1160773628
[2026-08-22 23:53:17] [NGXSecureLoadFeature:1231] warning: ModuleName - nvngx_deepdvc.dll doesn't exist in any of the search paths!
[2026-08-22 23:53:17] [NGXSecureLoadFeature:1166] unable to read the deny list. Assuming that the feature is allowed.
[2026-08-22 23:53:17] [`anonymous-namespace'::SnippetLocationInfo::load:695] NGXLoadFromPath failed: -1160773628
[2026-08-22 23:53:17] [NGXSecureLoadFeature:1231] warning: ModuleName - nvngx_dlssd.dll doesn't exist in any of the search paths!
[2026-08-22 23:53:17] [NGXSecureLoadFeature:1166] unable to read the deny list. Assuming that the feature is allowed.
[2026-08-22 23:53:17] [`anonymous-namespace'::SnippetLocationInfo::load:695] NGXLoadFromPath failed: -1160773628
[2026-08-22 23:53:17] [NGXSecureLoadFeature:1231] warning: ModuleName - nvngx_truehdr.dll doesn't exist in any of the search paths!
[2026-08-22 23:53:17] [NGXSecureLoadFeature:1166] unable to read the deny list. Assuming that the feature is allowed.
[2026-08-22 23:53:17] [`anonymous-namespace'::SnippetLocationInfo::load:695] NGXLoadFromPath failed: -1160773628
[2026-08-22 23:53:17] [NGXSecureLoadFeature:1231] warning: ModuleName - nvngx_latewarp.dll doesn't exist in any of the search paths!
[2026-08-22 23:53:17] [NGXSecureLoadFeature:1166] unable to read the deny list. Assuming that the feature is allowed.
[2026-08-22 23:53:17] [`anonymous-namespace'::SnippetLocationInfo::load:695] NGXLoadFromPath failed: -1160773628
[2026-08-22 23:53:17] [NGXSecureLoadFeature:1231] warning: ModuleName - nvngx_vsr.dll doesn't exist in any of the search paths!
[2026-08-22 23:53:17] [NGXSecureLoadFeature:1166] unable to read the deny list. Assuming that the feature is allowed.
[2026-08-22 23:53:17] [`anonymous-namespace'::SnippetLocationInfo::load:695] NGXLoadFromPath failed: -1160773628
[2026-08-22 23:53:17] [NGXSecureLoadFeature:1231] warning: ModuleName - nvngx_fgx.dll doesn't exist in any of the search paths!
[2026-08-22 23:53:17] [NVSDK_NGX_CreateFeature_Validate:731] app id is 3 
